┏━━━━━━━┳━━━━━━━━━┳━━━━━━━━━━┳━━━━━━━━┳━━━━━━━━━━━━━┳━━━━━━━┓
┃ P / R ┃ Partial ┃ Required ┃ Net    ┃ Pin         ┃ Layer ┃
┡━━━━━━━╇━━━━━━━━━╇━━━━━━━━━━╇━━━━━━━━╇━━━━━━━━━━━━━╇━━━━━━━┩
│ 3.58  │ 1432.11 │ 400.00   │ _1064_ │ _4672_/C1   │ met3  │
│ 3.53  │ 1410.86 │ 400.00   │ net617 │ _4087_/C    │ met3  │
│ 2.48  │ 990.35  │ 400.00   │ net569 │ _4596_/A1   │ met3  │
│ 1.99  │ 797.87  │ 400.00   │ net344 │ _7985_/S    │ met3  │
│ 1.67  │ 666.36  │ 400.00   │ net332 │ _6069_/A    │ met1  │
│ 1.60  │ 641.96  │ 400.00   │ net468 │ _7065_/S    │ met1  │
│ 1.56  │ 622.29  │ 400.00   │ _3441_ │ _6480_/C    │ met3  │
│ 1.55  │ 620.12  │ 400.00   │ net350 │ _7864_/S    │ met1  │
│ 1.54  │ 617.81  │ 400.00   │ net368 │ _7337_/S    │ met3  │
│ 1.51  │ 605.79  │ 400.00   │ net160 │ _6012_/A    │ met1  │
│ 1.50  │ 601.46  │ 400.00   │ net48  │ fanout649/A │ met1  │
│ 1.45  │ 581.89  │ 400.00   │ net119 │ _6811_/A0   │ met1  │
│ 1.40  │ 558.54  │ 400.00   │ net571 │ _4400_/A    │ met1  │
│ 1.35  │ 539.83  │ 400.00   │ net637 │ _4560_/B1   │ met3  │
│ 1.34  │ 537.58  │ 400.00   │ net130 │ output130/A │ met1  │
│ 1.33  │ 530.19  │ 400.00   │ net364 │ _7370_/S    │ met3  │
│ 1.27  │ 507.71  │ 400.00   │ net396 │ _7919_/S    │ met1  │
│ 1.27  │ 507.28  │ 400.00   │ net534 │ _5524_/B    │ met1  │
│ 1.26  │ 503.99  │ 400.00   │ net456 │ _7256_/S    │ met1  │
│ 1.25  │ 499.68  │ 400.00   │ _4018_ │ fanout347/A │ met3  │
│ 1.24  │ 495.22  │ 400.00   │ _3899_ │ _6964_/B    │ met3  │
│ 1.24  │ 495.04  │ 400.00   │ net431 │ fanout428/A │ met3  │
│ 1.22  │ 486.82  │ 400.00   │ net291 │ _5931_/S    │ met1  │
│ 1.22  │ 486.40  │ 400.00   │ net423 │ _7681_/S    │ met1  │
│ 1.20  │ 478.67  │ 400.00   │ net112 │ _6546_/A0   │ met1  │
│ 1.13  │ 450.62  │ 400.00   │ _1060_ │ fanout628/A │ met3  │
│ 1.12  │ 448.34  │ 400.00   │ _3992_ │ fanout460/A │ met3  │
│ 1.12  │ 448.34  │ 400.00   │ net742 │ _4631_/A    │ met1  │
│ 1.12  │ 447.33  │ 400.00   │ net107 │ output107/A │ met1  │
│ 1.11  │ 444.67  │ 400.00   │ net21  │ _7059_/A1   │ met1  │
│ 1.11  │ 442.57  │ 400.00   │ net406 │ _7825_/S    │ met3  │
│ 1.11  │ 442.49  │ 400.00   │ net150 │ output150/A │ met1  │
│ 1.09  │ 436.22  │ 400.00   │ net133 │ output133/A │ met1  │
│ 1.09  │ 435.00  │ 400.00   │ net741 │ _4447_/A1   │ met1  │
│ 1.04  │ 415.28  │ 400.00   │ net154 │ output154/A │ met1  │
│ 1.03  │ 410.94  │ 400.00   │ _3928_ │ _7002_/A1   │ met1  │
└───────┴─────────┴──────────┴────────┴─────────────┴───────┘
