┏━━━━━━━━━━━━━━━━━━━━━━┳━━━━━━━━━━┳━━━━━━━━━━┳━━━━━━━━━━┳━━━━━━━━━━┳━━━━━━━━━━┳━━━━━━━━━━━┳━━━━━━━━━━┳━━━━━━━━━━━┳━━━━━━━━━━┳━━━━━━━━━━━┳━━━━━━━━━━┳━━━━━━━━━━━┓
┃                      ┃ Hold     ┃ Reg to   ┃          ┃          ┃ of which ┃ Setup     ┃ Reg to   ┃           ┃ Setup    ┃ of which  ┃          ┃           ┃
┃                      ┃ Worst    ┃ Reg      ┃          ┃ Hold Vio ┃ reg to   ┃ Worst     ┃ Reg      ┃           ┃ Vio      ┃ reg to    ┃ Max Cap  ┃ Max Slew  ┃
┃ Corner/Group         ┃ Slack    ┃ Paths    ┃ Hold TNS ┃ Count    ┃ reg      ┃ Slack     ┃ Paths    ┃ Setup TNS ┃ Count    ┃ reg       ┃ Violati… ┃ Violatio… ┃
┡━━━━━━━━━━━━━━━━━━━━━━╇━━━━━━━━━━╇━━━━━━━━━━╇━━━━━━━━━━╇━━━━━━━━━━╇━━━━━━━━━━╇━━━━━━━━━━━╇━━━━━━━━━━╇━━━━━━━━━━━╇━━━━━━━━━━╇━━━━━━━━━━━╇━━━━━━━━━━╇━━━━━━━━━━━┩
│ Overall              │ 0.0437   │ 0.1596   │ 0.0000   │ 0        │ 0        │ -7.6322   │ 7.5344   │ -4842.27… │ 3252     │ 0         │ 2        │ 124       │
│ nom_tt_025C_1v80     │ 0.4120   │ 0.4120   │ 0.0000   │ 0        │ 0        │ -1.2467   │ 8.6805   │ -11.8511  │ 23       │ 0         │ 2        │ 0         │
│ nom_ss_100C_1v60     │ 0.0949   │ 1.0845   │ 0.0000   │ 0        │ 0        │ -7.3548   │ 7.5435   │ -4558.97… │ 1059     │ 0         │ 2        │ 108       │
│ nom_ff_n40C_1v95     │ 0.1649   │ 0.1649   │ 0.0000   │ 0        │ 0        │ 1.2073    │ 9.0513   │ 0.0000    │ 0        │ 0         │ 2        │ 0         │
│ min_tt_025C_1v80     │ 0.4038   │ 0.4038   │ 0.0000   │ 0        │ 0        │ -1.0679   │ 8.6864   │ -8.3207   │ 19       │ 0         │ 2        │ 0         │
│ min_ss_100C_1v60     │ 0.1643   │ 1.0665   │ 0.0000   │ 0        │ 0        │ -7.0754   │ 7.5526   │ -4329.26… │ 1057     │ 0         │ 2        │ 82        │
│ min_ff_n40C_1v95     │ 0.1596   │ 0.1596   │ 0.0000   │ 0        │ 0        │ 1.3267    │ 9.0553   │ 0.0000    │ 0        │ 0         │ 2        │ 0         │
│ max_tt_025C_1v80     │ 0.4225   │ 0.4225   │ 0.0000   │ 0        │ 0        │ -1.4289   │ 8.6755   │ -17.0887  │ 31       │ 0         │ 2        │ 0         │
│ max_ss_100C_1v60     │ 0.0437   │ 1.1079   │ 0.0000   │ 0        │ 0        │ -7.6322   │ 7.5344   │ -4842.27… │ 1063     │ 0         │ 2        │ 124       │
│ max_ff_n40C_1v95     │ 0.1719   │ 0.1719   │ 0.0000   │ 0        │ 0        │ 1.0800    │ 9.0478   │ 0.0000    │ 0        │ 0         │ 2        │ 0         │
└──────────────────────┴──────────┴──────────┴──────────┴──────────┴──────────┴───────────┴──────────┴───────────┴──────────┴───────────┴──────────┴───────────┘
